// Jest Snapshot v1, https://goo.gl/fbAQLP

exports[`Menu should match snapshot 1`] = `
ShallowWrapper {
  Symbol(enzyme.__root__): [Circular],
  Symbol(enzyme.__unrendered__): <Menu />,
  Symbol(enzyme.__renderer__): Object {
    "batchedUpdates": [Function],
    "checkPropTypes": [Function],
    "getNode": [Function],
    "render": [Function],
    "simulateError": [Function],
    "simulateEvent": [Function],
    "unmount": [Function],
  },
  Symbol(enzyme.__node__): Object {
    "instance": null,
    "key": undefined,
    "nodeType": "class",
    "props": Object {
      "active": true,
      "bottomOffset": 0,
      "children": Array [
        <Responsive
          getWidth={[Function]}
          minWidth={768}
        >
          <Connect(DesktopMenu) />
        </Responsive>,
        <Responsive
          getWidth={[Function]}
          maxWidth={767}
        >
          <Connect(MobileMenu) />
        </Responsive>,
      ],
      "offset": 0,
      "scrollContext": [Window],
      "style": Object {
        "boxShadow": "0 2px 8px rgba(0, 0, 0, 0.2)",
        "marginBottom": "1em",
      },
    },
    "ref": null,
    "rendered": Array [
      Object {
        "instance": null,
        "key": undefined,
        "nodeType": "class",
        "props": Object {
          "children": <Connect(DesktopMenu) />,
          "getWidth": [Function],
          "minWidth": 768,
        },
        "ref": null,
        "rendered": Object {
          "instance": null,
          "key": undefined,
          "nodeType": "class",
          "props": Object {},
          "ref": null,
          "rendered": null,
          "type": [Function],
        },
        "type": [Function],
      },
      Object {
        "instance": null,
        "key": undefined,
        "nodeType": "class",
        "props": Object {
          "children": <Connect(MobileMenu) />,
          "getWidth": [Function],
          "maxWidth": 767,
        },
        "ref": null,
        "rendered": Object {
          "instance": null,
          "key": undefined,
          "nodeType": "class",
          "props": Object {},
          "ref": null,
          "rendered": null,
          "type": [Function],
        },
        "type": [Function],
      },
    ],
    "type": [Function],
  },
  Symbol(enzyme.__nodes__): Array [
    Object {
      "instance": null,
      "key": undefined,
      "nodeType": "class",
      "props": Object {
        "active": true,
        "bottomOffset": 0,
        "children": Array [
          <Responsive
            getWidth={[Function]}
            minWidth={768}
          >
            <Connect(DesktopMenu) />
          </Responsive>,
          <Responsive
            getWidth={[Function]}
            maxWidth={767}
          >
            <Connect(MobileMenu) />
          </Responsive>,
        ],
        "offset": 0,
        "scrollContext": [Window],
        "style": Object {
          "boxShadow": "0 2px 8px rgba(0, 0, 0, 0.2)",
          "marginBottom": "1em",
        },
      },
      "ref": null,
      "rendered": Array [
        Object {
          "instance": null,
          "key": undefined,
          "nodeType": "class",
          "props": Object {
            "children": <Connect(DesktopMenu) />,
            "getWidth": [Function],
            "minWidth": 768,
          },
          "ref": null,
          "rendered": Object {
            "instance": null,
            "key": undefined,
            "nodeType": "class",
            "props": Object {},
            "ref": null,
            "rendered": null,
            "type": [Function],
          },
          "type": [Function],
        },
        Object {
          "instance": null,
          "key": undefined,
          "nodeType": "class",
          "props": Object {
            "children": <Connect(MobileMenu) />,
            "getWidth": [Function],
            "maxWidth": 767,
          },
          "ref": null,
          "rendered": Object {
            "instance": null,
            "key": undefined,
            "nodeType": "class",
            "props": Object {},
            "ref": null,
            "rendered": null,
            "type": [Function],
          },
          "type": [Function],
        },
      ],
      "type": [Function],
    },
  ],
  Symbol(enzyme.__options__): Object {
    "adapter": ReactSixteenAdapter {
      "options": Object {
        "enableComponentDidUpdateOnSetState": true,
        "legacyContextMode": "parent",
        "lifecycles": Object {
          "componentDidUpdate": Object {
            "onSetState": true,
          },
          "getChildContext": Object {
            "calledByRenderer": false,
          },
          "getDerivedStateFromError": true,
          "getDerivedStateFromProps": Object {
            "hasShouldComponentUpdateBug": false,
          },
          "getSnapshotBeforeUpdate": true,
          "setState": Object {
            "skipsComponentDidUpdateOnNullish": true,
          },
        },
      },
    },
  },
}
`;
