// Jest Snapshot v1, https://goo.gl/fbAQLP

exports[`EditorsSectionHeader should match snapshot 1`] = `
ShallowWrapper {
  Symbol(enzyme.__root__): [Circular],
  Symbol(enzyme.__unrendered__): <EditorsSectionHeader />,
  Symbol(enzyme.__renderer__): Object {
    "batchedUpdates": [Function],
    "checkPropTypes": [Function],
    "getNode": [Function],
    "render": [Function],
    "simulateError": [Function],
    "simulateEvent": [Function],
    "unmount": [Function],
  },
  Symbol(enzyme.__node__): Object {
    "instance": null,
    "key": undefined,
    "nodeType": "function",
    "props": Object {
      "children": Array [
        <CardContent>
          <Grid>
            <GridRow
              columns={3}
            >
              <GridColumn
                floated="left"
                width={13}
              >
                <Header
                  as="h4"
                >
                  Editors
                </Header>
              </GridColumn>
              <GridColumn
                floated="right"
                textAlign="center"
                width={3}
              >
                <SectionIcon
                  className="fa fa-plus-circle"
                  onClick={[Function]}
                />
              </GridColumn>
            </GridRow>
          </Grid>
        </CardContent>,
        false,
      ],
    },
    "ref": null,
    "rendered": Array [
      Object {
        "instance": null,
        "key": undefined,
        "nodeType": "function",
        "props": Object {
          "children": <Grid>
            <GridRow
              columns={3}
            >
              <GridColumn
                floated="left"
                width={13}
              >
                <Header
                  as="h4"
                >
                  Editors
                </Header>
              </GridColumn>
              <GridColumn
                floated="right"
                textAlign="center"
                width={3}
              >
                <SectionIcon
                  className="fa fa-plus-circle"
                  onClick={[Function]}
                />
              </GridColumn>
            </GridRow>
          </Grid>,
        },
        "ref": null,
        "rendered": Object {
          "instance": null,
          "key": undefined,
          "nodeType": "function",
          "props": Object {
            "children": <GridRow
              columns={3}
            >
              <GridColumn
                floated="left"
                width={13}
              >
                <Header
                  as="h4"
                >
                  Editors
                </Header>
              </GridColumn>
              <GridColumn
                floated="right"
                textAlign="center"
                width={3}
              >
                <SectionIcon
                  className="fa fa-plus-circle"
                  onClick={[Function]}
                />
              </GridColumn>
            </GridRow>,
          },
          "ref": null,
          "rendered": Object {
            "instance": null,
            "key": undefined,
            "nodeType": "function",
            "props": Object {
              "children": Array [
                <GridColumn
                  floated="left"
                  width={13}
                >
                  <Header
                    as="h4"
                  >
                    Editors
                  </Header>
                </GridColumn>,
                <GridColumn
                  floated="right"
                  textAlign="center"
                  width={3}
                >
                  <SectionIcon
                    className="fa fa-plus-circle"
                    onClick={[Function]}
                  />
                </GridColumn>,
              ],
              "columns": 3,
            },
            "ref": null,
            "rendered": Array [
              Object {
                "instance": null,
                "key": undefined,
                "nodeType": "function",
                "props": Object {
                  "children": <Header
                    as="h4"
                  >
                    Editors
                  </Header>,
                  "floated": "left",
                  "width": 13,
                },
                "ref": null,
                "rendered": Object {
                  "instance": null,
                  "key": undefined,
                  "nodeType": "function",
                  "props": Object {
                    "as": "h4",
                    "children": "Editors",
                  },
                  "ref": null,
                  "rendered": "Editors",
                  "type": [Function],
                },
                "type": [Function],
              },
              Object {
                "instance": null,
                "key": undefined,
                "nodeType": "function",
                "props": Object {
                  "children": <SectionIcon
                    className="fa fa-plus-circle"
                    onClick={[Function]}
                  />,
                  "floated": "right",
                  "textAlign": "center",
                  "width": 3,
                },
                "ref": null,
                "rendered": Object {
                  "instance": null,
                  "key": undefined,
                  "nodeType": "function",
                  "props": Object {
                    "className": "fa fa-plus-circle",
                    "onClick": [Function],
                  },
                  "ref": null,
                  "rendered": null,
                  "type": [Function],
                },
                "type": [Function],
              },
            ],
            "type": [Function],
          },
          "type": [Function],
        },
        "type": [Function],
      },
      false,
    ],
    "type": Symbol(react.fragment),
  },
  Symbol(enzyme.__nodes__): Array [
    Object {
      "instance": null,
      "key": undefined,
      "nodeType": "function",
      "props": Object {
        "children": Array [
          <CardContent>
            <Grid>
              <GridRow
                columns={3}
              >
                <GridColumn
                  floated="left"
                  width={13}
                >
                  <Header
                    as="h4"
                  >
                    Editors
                  </Header>
                </GridColumn>
                <GridColumn
                  floated="right"
                  textAlign="center"
                  width={3}
                >
                  <SectionIcon
                    className="fa fa-plus-circle"
                    onClick={[Function]}
                  />
                </GridColumn>
              </GridRow>
            </Grid>
          </CardContent>,
          false,
        ],
      },
      "ref": null,
      "rendered": Array [
        Object {
          "instance": null,
          "key": undefined,
          "nodeType": "function",
          "props": Object {
            "children": <Grid>
              <GridRow
                columns={3}
              >
                <GridColumn
                  floated="left"
                  width={13}
                >
                  <Header
                    as="h4"
                  >
                    Editors
                  </Header>
                </GridColumn>
                <GridColumn
                  floated="right"
                  textAlign="center"
                  width={3}
                >
                  <SectionIcon
                    className="fa fa-plus-circle"
                    onClick={[Function]}
                  />
                </GridColumn>
              </GridRow>
            </Grid>,
          },
          "ref": null,
          "rendered": Object {
            "instance": null,
            "key": undefined,
            "nodeType": "function",
            "props": Object {
              "children": <GridRow
                columns={3}
              >
                <GridColumn
                  floated="left"
                  width={13}
                >
                  <Header
                    as="h4"
                  >
                    Editors
                  </Header>
                </GridColumn>
                <GridColumn
                  floated="right"
                  textAlign="center"
                  width={3}
                >
                  <SectionIcon
                    className="fa fa-plus-circle"
                    onClick={[Function]}
                  />
                </GridColumn>
              </GridRow>,
            },
            "ref": null,
            "rendered": Object {
              "instance": null,
              "key": undefined,
              "nodeType": "function",
              "props": Object {
                "children": Array [
                  <GridColumn
                    floated="left"
                    width={13}
                  >
                    <Header
                      as="h4"
                    >
                      Editors
                    </Header>
                  </GridColumn>,
                  <GridColumn
                    floated="right"
                    textAlign="center"
                    width={3}
                  >
                    <SectionIcon
                      className="fa fa-plus-circle"
                      onClick={[Function]}
                    />
                  </GridColumn>,
                ],
                "columns": 3,
              },
              "ref": null,
              "rendered": Array [
                Object {
                  "instance": null,
                  "key": undefined,
                  "nodeType": "function",
                  "props": Object {
                    "children": <Header
                      as="h4"
                    >
                      Editors
                    </Header>,
                    "floated": "left",
                    "width": 13,
                  },
                  "ref": null,
                  "rendered": Object {
                    "instance": null,
                    "key": undefined,
                    "nodeType": "function",
                    "props": Object {
                      "as": "h4",
                      "children": "Editors",
                    },
                    "ref": null,
                    "rendered": "Editors",
                    "type": [Function],
                  },
                  "type": [Function],
                },
                Object {
                  "instance": null,
                  "key": undefined,
                  "nodeType": "function",
                  "props": Object {
                    "children": <SectionIcon
                      className="fa fa-plus-circle"
                      onClick={[Function]}
                    />,
                    "floated": "right",
                    "textAlign": "center",
                    "width": 3,
                  },
                  "ref": null,
                  "rendered": Object {
                    "instance": null,
                    "key": undefined,
                    "nodeType": "function",
                    "props": Object {
                      "className": "fa fa-plus-circle",
                      "onClick": [Function],
                    },
                    "ref": null,
                    "rendered": null,
                    "type": [Function],
                  },
                  "type": [Function],
                },
              ],
              "type": [Function],
            },
            "type": [Function],
          },
          "type": [Function],
        },
        false,
      ],
      "type": Symbol(react.fragment),
    },
  ],
  Symbol(enzyme.__options__): Object {
    "adapter": ReactSixteenAdapter {
      "options": Object {
        "enableComponentDidUpdateOnSetState": true,
        "legacyContextMode": "parent",
        "lifecycles": Object {
          "componentDidUpdate": Object {
            "onSetState": true,
          },
          "getChildContext": Object {
            "calledByRenderer": false,
          },
          "getDerivedStateFromError": true,
          "getDerivedStateFromProps": Object {
            "hasShouldComponentUpdateBug": false,
          },
          "getSnapshotBeforeUpdate": true,
          "setState": Object {
            "skipsComponentDidUpdateOnNullish": true,
          },
        },
      },
    },
  },
}
`;
